root@DESKTOP-DOHB37O:~# touch myfile
root@DESKTOP-DOHB37O:~# ./myscript.sh
-bash: ./myscript.sh: No such file or directory
root@DESKTOP-DOHB37O:~# vi myfile
root@DESKTOP-DOHB37O:~# chmod +x myfile.sh
chmod: cannot access 'myfile.sh': No such file or directory
root@DESKTOP-DOHB37O:~# chmod +x myfile
root@DESKTOP-DOHB37O:~# ./myfile.sh
-bash: ./myfile.sh: No such file or directory
root@DESKTOP-DOHB37O:~# ./myfile
hello, world!
root@DESKTOP-DOHB37O:~# vi myfile
root@DESKTOP-DOHB37O:~# ./myfile
hello, world!
this will be printed
root@DESKTOP-DOHB37O:~# tocuh fruits.txt
Command 'tocuh' not found, did you mean:
  command 'touch' from deb coreutils (9.4-2ubuntu2)
Try: apt install <deb name>
root@DESKTOP-DOHB37O:~#
root@DESKTOP-DOHB37O:~# touch fruits.txt
root@DESKTOP-DOHB37O:~# vi fruits.txt
root@DESKTOP-DOHB37O:~# if grep apple fruits.txt && grep banana fruits.txt
then
  echo "Both words are in the file."
fi
echo "I went to the market this morning and picked up some fresh fruits for breakfast. Among the vibrant selection, the crisp red apple and the ripe yellow banana immediately caught my eye. I love slicing the apple for a quick snack, while the banana goes perfectly in my smoothie. Together, they make a healthy and delicious start to the day."
echo "I went to the market this morning and picked up some fresh fruits for breakfast. Among the vibrant selection, the crisp red apple and the ripe yellow banana immediately caught my eye. I love slicing the apple for a quick snack, while the banana goes perfectly in my smoothie. Together, they make a healthy and delicious start to the day."
Both words are in the file.
root@DESKTOP-DOHB37O:~# vi fruits.txt
root@DESKTOP-DOHB37O:~# if grep apple fruits.txt && grep banana fruits.txt; then   echo "Both words are in the file."; fi
echo "I went to the market this morning and picked up some fresh fruits for breakfast. Among the vibrant selection, the crisp red apple and the ripe yellow  immediately caught my eye. I love slicing the apple for a quick snack, while the goes perfectly in my smoothie. Together, they make a healthy and delicious start to the day"
root@DESKTOP-DOHB37O:~# if grep apple fruits.txt || grep banana fruits.txt
then
  echo "At least one word is in the file."
fi
echo "I went to the market this morning and picked up some fresh fruits for breakfast. Among the vibrant selection, the crisp red apple and the ripe yellow  immediately caught my eye. I love slicing the apple for a quick snack, while the goes perfectly in my smoothie. Together, they make a healthy and delicious start to the day"
At least one word is in the file. 
root@DESKTOP-DOHB37O:~# vi check_word.sh
root@DESKTOP-DOHB37O:~# chmod +x check_word.sh
root@DESKTOP-DOHB37O:~# vi fruits.txt
root@DESKTOP-DOHB37O:~# ./check_word.sh fruits.txt apple banana
'apple' or 'banana' is in 'fruits.txt'
root@DESKTOP-DOHB37O:~# vi check_word.sh
root@DESKTOP-DOHB37O:~# cd /mnt/c/users/swasti
root@DESKTOP-DOHB37O:/mnt/c/users/swasti# pwd
/mnt/c/users/swasti
root@DESKTOP-DOHB37O:/mnt/c/users/swasti#
root@DESKTOP-DOHB37O:/mnt/c/users/swasti# if [ -f "data.txt" ]; then
    echo "File exists!"
fi
root@DESKTOP-DOHB37O:/mnt/c/users/swasti#
root@DESKTOP-DOHB37O:/mnt/c/users/swasti# if [ -f "data.txt" ]; then
    echo "File exists!"
fi
root@DESKTOP-DOHB37O:/mnt/c/users/swasti# touch data.txt
root@DESKTOP-DOHB37O:/mnt/c/users/swasti# pwd
/mnt/c/users/swasti
root@DESKTOP-DOHB37O:/mnt/c/users/swasti# [ -f "data.txt" ] && echo "File exists!"
File exists!
root@DESKTOP-DOHB37O:/mnt/c/users/swasti# num=10
if [ $num -gt 5 ]; then
    echo "Number is greater than 5"
fi
Number is greater than 5
root@DESKTOP-DOHB37O:/mnt/c/users/swasti# if [ $num -eq 5 ]; then     echo "Number is greater than 5"; fi
root@DESKTOP-DOHB37O:/mnt/c/users/swasti#
root@DESKTOP-DOHB37O:/mnt/c/users/swasti# name="Swasti"
if [[ $name == "Swasti" ]]; then
    echo "Name matches!"
fi
Name matches!
root@DESKTOP-DOHB37O:/mnt/c/users/swasti# name="Swast"
root@DESKTOP-DOHB37O:/mnt/c/users/swasti# if [[ $name == "Swasti" ]]; then     echo "Name matches!"; fi
root@DESKTOP-DOHB37O:/mnt/c/users/swasti#
root@DESKTOP-DOHB37O:~# vi check_word.sh
root@DESKTOP-DOHB37O:~# chmod +x check_word.sh
root@DESKTOP-DOHB37O:~# vi fruits.txt
root@DESKTOP-DOHB37O:~# ./check_word.sh fruits.txt apple banana
'apple' or 'banana' is in 'fruits.txt'
root@DESKTOP-DOHB37O:~# vi check_word.sh
root@DESKTOP-DOHB37O:~# cd /mnt/c/users/swasti
root@DESKTOP-DOHB37O:/mnt/c/users/swasti# pwd
/mnt/c/users/swasti
root@DESKTOP-DOHB37O:/mnt/c/users/swasti#
root@DESKTOP-DOHB37O:/mnt/c/users/swasti# if [ -f "data.txt" ]; then
    echo "File exists!"
fi
root@DESKTOP-DOHB37O:/mnt/c/users/swasti#
root@DESKTOP-DOHB37O:/mnt/c/users/swasti# if [ -f "data.txt" ]; then
    echo "File exists!"
fi
root@DESKTOP-DOHB37O:/mnt/c/users/swasti# touch data.txt
root@DESKTOP-DOHB37O:/mnt/c/users/swasti# pwd
/mnt/c/users/swasti
root@DESKTOP-DOHB37O:/mnt/c/users/swasti# [ -f "data.txt" ] && echo "File exists!"
File exists!
root@DESKTOP-DOHB37O:/mnt/c/users/swasti# num=10
if [ $num -gt 5 ]; then
    echo "Number is greater than 5"
fi
Number is greater than 5
root@DESKTOP-DOHB37O:/mnt/c/users/swasti# if [ $num -eq 5 ]; then     echo "Number is greater than 5"; fi
root@DESKTOP-DOHB37O:/mnt/c/users/swasti#
root@DESKTOP-DOHB37O:/mnt/c/users/swasti# name="Swasti"
if [[ $name == "Swasti" ]]; then
    echo "Name matches!"
fi
Name matches!
root@DESKTOP-DOHB37O:/mnt/c/users/swasti# name="Swast"
root@DESKTOP-DOHB37O:/mnt/c/users/swasti# if [[ $name == "Swasti" ]]; then     echo "Name matches!"; fi
root@DESKTOP-DOHB37O:/mnt/c/users/swasti#
root@DESKTOP-DOHB37O:/mnt/c/users/swasti#
root@DESKTOP-DOHB37O:/mnt/c/users/swasti# cd /mnt/c/Users/swasti/Downloads
root@DESKTOP-DOHB37O:/mnt/c/Users/swasti/Downloads# ls
 ChromeSetup.exe                            'SB Collect.pdf'
'EA result 3.xlsx'                          'State Bank Collect.pdf'
'LAB NOTEBOOK (1).docx'                      desktop.ini
'LAB NOTEBOOK.docx'                          download.jpg
'Learning the bash Shell- 3rd Edition.pdf'   sequence.fasta
'Magnet for Miracles.jpg'                    wsl_update_x64.msi
root@DESKTOP-DOHB37O:/mnt/c/Users/swasti/Downloads# vi fasta_analysis.sh
root@DESKTOP-DOHB37O:/mnt/c/Users/swasti/Downloads# chmod +x fasta_analysis.sh
root@DESKTOP-DOHB37O:/mnt/c/Users/swasti/Downloads# ./fasta_analysis.sh sequence.fasta
FASTA Analysis Report
---------------------
Total sequences: 1
Total length of all sequences: 103834

Sequence-wise GC Content:
>OM291647.1 Gulo gulo luscus IL10 (IL10) gene, complete cds: 54.0005%
root@DESKTOP-DOHB37O:/mnt/c/Users/swasti/Downloads# vi fasta_analysis.sh


root@DESKTOP-DOHB37O:/mnt/c/Users/swasti/Downloads# vi fasta_analysis.sh
root@DESKTOP-DOHB37O:/mnt/c/Users/swasti/Downloads# wget -O
wget: option requires an argument -- 'O'
Usage: wget [OPTION]... [URL]...

Try `wget --help' for more options.
root@DESKTOP-DOHB37O:/mnt/c/Users/swasti/Downloads# wget https://www.ncbi.nlm.nih.gov/nuccore/OM291647.1?report=fasta
--2025-05-27 08:56:06--  https://www.ncbi.nlm.nih.gov/nuccore/OM291647.1?report=fasta
root@DESKTOP-DOHB37O:/mnt/c/Users/swasti/Downloads# vi checking_variable.sh
root@DESKTOP-DOHB37O:/mnt/c/Users/swasti/Downloads#  chmod +x checking_variable
chmod: cannot access 'checking_variable': No such file or directory
root@DESKTOP-DOHB37O:/mnt/c/Users/swasti/Downloads# chmod +x checking_variab
le.sh
root@DESKTOP-DOHB37O:/mnt/c/Users/swasti/Downloads#  ./checking_variable.sh
-bash: ./checking_variable.sh: /bin/bash/: bad interpreter: Not a directory
root@DESKTOP-DOHB37O:/mnt/c/Users/swasti/Downloads# vi checking_variable.sh
root@DESKTOP-DOHB37O:/mnt/c/Users/swasti/Downloads# ./checking_variable.sh
./checking_variable.sh: line 4: [swasti: command not found
does not match
root@DESKTOP-DOHB37O:/mnt/c/Users/swasti/Downloads# vi checking_variable.sh
root@DESKTOP-DOHB37O:/mnt/c/Users/swasti/Downloads# ./checking_variable.sh
./checking_variable.sh: line 4: [swasti: command not found
does not match
root@DESKTOP-DOHB37O:/mnt/c/Users/swasti/Downloads# vi checking_variable.sh
root@DESKTOP-DOHB37O:/mnt/c/Users/swasti/Downloads# ./checking_variable.sh
./checking_variable.sh: line 4: [swasti: command not found
does not match
root@DESKTOP-DOHB37O:/mnt/c/Users/swasti/Downloads# vi checking_variable.sh
root@DESKTOP-DOHB37O:/mnt/c/Users/swasti/Downloads# ./checking_variable.sh
does not match
root@DESKTOP-DOHB37O:/mnt/c/Users/swasti/Downloads# popd/c/users/swasti/downloads
-bash: popd/c/users/swasti/downloads: No such file or directory
root@DESKTOP-DOHB37O:/mnt/c/Users/swasti/Downloads# popd /c/users/swasti/dow
nloads
-bash: popd: /c/users/swasti/downloads: invalid argument
popd: usage: popd [-n] [+N | -N]
root@DESKTOP-DOHB37O:/mnt/c/Users/swasti/Downloads# popd
-bash: popd: directory stack empty
root@DESKTOP-DOHB37O:/mnt/c/Users/swasti/Downloads# pushd /mnt/c/Users/swasti/Documents
pushd /mnt/c/Users/swasti/Downloads
/mnt/c/Users/swasti/Documents /mnt/c/Users/swasti/Downloads
/mnt/c/Users/swasti/Downloads /mnt/c/Users/swasti/Documents /mnt/c/Users/swasti/Downloads
root@DESKTOP-DOHB37O:/mnt/c/Users/swasti/Downloads# pwd
/mnt/c/Users/swasti/Downloads
root@DESKTOP-DOHB37O:/mnt/c/Users/swasti/Downloads# popd
/mnt/c/Users/swasti/Documents /mnt/c/Users/swasti/Downloads
root@DESKTOP-DOHB37O:/mnt/c/Users/swasti/Documents# popd
/mnt/c/Users/swasti/Downloads
root@DESKTOP-DOHB37O:/mnt/c/Users/swasti/Downloads# popd
-bash: popd: directory stack empty
root@DESKTOP-DOHB37O:/mnt/c/Users/swasti/Downloads# popd() { if [ -n "$DIR_STACK" ]; then DIR_STACK=${DIR_STACK#* } cd ${DIR_STACK%% *} echo "$PWD" else echo "Stack empty, staying in $PWD." fi }
root@DESKTOP-DOHB37O:~# cd /mnt/c/users/swasti/downloads/
root@DESKTOP-DOHB37O:/mnt/c/users/swasti/downloads# vi convert picture.sh
2 files to edit
root@DESKTOP-DOHB37O:/mnt/c/users/swasti/downloads# chmod +x convert picture.sh
chmod: cannot access 'picture.sh': No such file or directory
root@DESKTOP-DOHB37O:/mnt/c/users/swasti/downloads# chmod +x convert picture.sh
chmod: cannot access 'picture.sh': No such file or directory
root@DESKTOP-DOHB37O:/mnt/c/users/swasti/downloads# vi convert picture.sh
2 files to edit
root@DESKTOP-DOHB37O:/mnt/c/users/swasti/downloads# nano convert_image.sh
root@DESKTOP-DOHB37O:/mnt/c/users/swasti/downloads# chmod +x convert picture.sh
chmod: cannot access 'picture.sh': No such file or directory
root@DESKTOP-DOHB37O:/mnt/c/users/swasti/downloads# chmod +x convert_image.sh
root@DESKTOP-DOHB37O:/mnt/c/users/swasti/downloads# ./convert_image.sh myimage.gif
./convert_image.sh: line 15: giftopnm: command not found
./convert_image.sh: line 16: pnmtojpeg: command not found
root@DESKTOP-DOHB37O:/mnt/c/users/swasti/downloads# ./convert_image.sh magnet for mircales.jpg




[[ ... ]] is another Bash-specific test command, more powerful than [ ... ].

Doesn't need \ for < or >.

Safer and more versatile.

Only available in Bash 2.05+.

🧾 6. Special Notes from Footnotes
Return code 0 = success, 1 or higher = failure.
(e.g., diff returns 0 if no difference.)

[ ... ] is a synonym for test.

[[ ... ]] is newer and more robust than [ ... ].

NetPBM is unrelated but mentioned—it's a graphics utility.

-x checks both execute (file) and search (directory) permissions.

Lexicographic order = dictionary order (e.g., "zebra" > "apple")


if [ $a -lt $b ]; then
  echo "$a is less than $b"
fi

# Efficient version using (( ... ))
if (( a < b )); then
  echo "$a is less than $b (efficient check)"
fi
#!/bin/bash
if [ -e "data.txt" ]; then
        echo "file exists"
else
        echo "file does not exits."
fi
if [ -d "$1" ] && [ -x "$1" ]; then
        echo "$1 is a directory and you have search permission."
else
        echo "$1 is either not a directory or not accessible."
fi
if [ -n "$dirname" ] && [ \( -d "$dirname" \) -a \( -x "$dirname" \) ]; then  echo "Valid and accessible directory."
fi
if [ ! -e "$1" ]; then
        echo -n "$1 is a directory that you may "
        if [ ! -x "$1" ]; then
                echo -n "not "
        fi
        echo "search."
elif [ -f "$1" ]; then
        echo "$1 is a special type of file."
fi

if [ -o "$1" ]; then
        echo "you own the file."
else
        echo "you do not own the file."
fi

if [ -r "$1" ]; then
        echo "you can read this file."
else
        echo "you can not reach this file."
fi

if [ -w "$1" ]; then
  echo "You have write permission on the file."
fi
root@DESKTOP-DOHB37O:/mnt/c/users/swasti# vi test_file.sh
root@DESKTOP-DOHB37O:/mnt/c/users/swasti# chmod +x test_file.sh
root@DESKTOP-DOHB37O:/mnt/c/users/swasti# ./test_file.sh
file exists
root@DESKTOP-DOHB37O:/mnt/c/users/swasti# vi test_file.sh
root@DESKTOP-DOHB37O:/mnt/c/users/swasti# chmod +x test_file.sh
root@DESKTOP-DOHB37O:/mnt/c/users/swasti# ./test_file.sh /home/swasti
file exists
/home/swasti is a directory and you have search permission.
root@DESKTOP-DOHB37O:/mnt/c/users/swasti# vi test_file.sh
root@DESKTOP-DOHB37O:/mnt/c/users/swasti# chmod +x test_file.sh
root@DESKTOP-DOHB37O:/mnt/c/users/swasti# ./test_file.sh /home/swasti
file exists
/home/swasti is a directory and you have search permission.
root@DESKTOP-DOHB37O:/mnt/c/users/swasti# vi test_file.sh
root@DESKTOP-DOHB37O:/mnt/c/users/swasti# chmod +x test_file.sh
root@DESKTOP-DOHB37O:/mnt/c/users/swasti# ./test_file.sh /home/swasti
file exists
/home/swasti is a directory and you have search permission.
./test_file.sh: line 28: echoyou do not own the file.: command not found
you can read this file.
You have write permission on the file.
root@DESKTOP-DOHB37O:/mnt/c/users/swasti# vi test_file.sh
root@DESKTOP-DOHB37O:/mnt/c/users/swasti# ./test_file.sh /home/swasti
file exists
/home/swasti is a directory and you have search permission.
you do not own the file.
you can read this file.
You have write permission on the file.
root@DESKTOP-DOHB37O:/mnt/c/users/swasti# vi string_comparison.sh
if [ "6" \> "57" ]; then
        echo "6 is greater than 57 (string)"
else
        echo "6 is not greater thand 57 (string)"
fi


if [ 6 -gt 57 ]; then
        echo "6 is greater than 57 (integer)"
else
        echo "6 is not greater thand 57 (integer)"
fi


if [[ "6" > "57" ]]; then
        echo "6 is greater than 57 (string)"
else
        echo "6 is not greater thand 57 (string)"
fi
~                                                                           ~                                                                           ~     
root@DESKTOP-DOHB37O:/mnt/c/users/swasti# chmod +x string_comparsion.sh
chmod: cannot access 'string_comparsion.sh': No such file or directory
root@DESKTOP-DOHB37O:/mnt/c/users/swasti# chmod +x string_comparison.sh
root@DESKTOP-DOHB37O:/mnt/c/users/swasti# ./string_comparison.sh
6 is greater than 57 (string)
root@DESKTOP-DOHB37O:/mnt/c/users/swasti# vi string_comparison.sh
root@DESKTOP-DOHB37O:/mnt/c/users/swasti# chmod +x string_comparison.sh
root@DESKTOP-DOHB37O:/mnt/c/users/swasti# ./string_comparison.sh
6 is greater than 57 (string)
6 is greater than 57 (integer)
root@DESKTOP-DOHB37O:/mnt/c/users/swasti# vi string_comparison.sh
root@DESKTOP-DOHB37O:/mnt/c/users/swasti# ./string_comparison.sh
6 is greater than 57 (string)
6 is not greater thand 57 (integer)
root@DESKTOP-DOHB37O:/mnt/c/users/swasti# vi string_comparison.sh
root@DESKTOP-DOHB37O:/mnt/c/users/swasti# ./string_comparison.sh
6 is greater than 57 (string)
6 is not greater thand 57 (integer)
6 is greater than 57 (string)
root@DESKTOP-DOHB37O:/mnt/c/users/swasti#  vi test_file.sh
root@DESKTOP-DOHB37O:/mnt/c/users/swasti#root@DESKTOP-DOHB37O:~# cd /mnt/c/users/swasti/downloads/
root@DESKTOP-DOHB37O:/mnt/c/users/swasti/downloads# "C:\Users\Swasti\Downloads\OM291647.fasta"
C:\Users\Swasti\Downloads\OM291647.fasta: command not found
root@DESKTOP-DOHB37O:/mnt/c/users/swasti/downloads# cd /mnt/c/Users/Swasti/D
ownloads/OM291647.fasta/
-bash: cd: /mnt/c/Users/Swasti/Downloads/OM291647.fasta/: Not a directory
root@DESKTOP-DOHB37O:/mnt/c/users/swasti/downloads# pwd
/mnt/c/users/swasti/downloads
root@DESKTOP-DOHB37O:/mnt/c/users/swasti/downloads# ls
 ChromeSetup.exe
 Cloudflare_WARP_2025.4.943.0.msi
'EA result 3.xlsx'
'LAB NOTEBOOK (1).docx'
'LAB NOTEBOOK (2).docx'
'LAB NOTEBOOK.docx'
'Learning the bash Shell- 3rd Edition.pdf'
'Magnet for Miracles.jpg'
'OM291647.1?report=fasta'
 OM291647.fasta
'SB Collect.pdf'
'State Bank Collect.pdf'
 Summer_internship.docx
'WhatsApp Image 2025-05-27 at 10.05.16 PM.jpeg'
 checking_variable.sh
 convert
 convert_image.sh
 desktop.ini
 download.jpg
 fasta_analysis.sh
 output.jpg
 sequence.fasta
 wsl_update_x64.msi
root@DESKTOP-DOHB37O:/mnt/c/users/swasti/downloads# cd /mnt/c/Users/Swasti/Downloads/sequence.fasta
-bash: cd: /mnt/c/Users/Swasti/Downloads/sequence.fasta: Not a directory
root@DESKTOP-DOHB37O:/mnt/c/users/swasti/downloads# head -n 5 OM291647.fasta
>OM291647.1 Gulo gulo luscus IL10 (IL10) gene, complete cds
ATGCCCAGCCCAGCACTGCTGTGTTGCCTGGTCCTGCTGGCCGGGGTAGGAGCCAGCCGCCACCAGAGCG
CCCTGTCTGAGGACAACTGCACCCACTTCCCAGCCAGCCTGCCCCACATGCTCCGAGAGCTCCGAGCAGC
CTTCGGCAGGGTGAAGACTTTCTTTGTGAGTATGATGCCTTCCTGTCCTTCCTTCCTTGCTGGGACTGCC
TCCCCTAGGCATGGTGCTAGAGCCCTAAGAACCCTCCTCCTTCTTGTTCGCCTCCATCCCTAGCATCCAT
root@DESKTOP-DOHB37O:/mnt/c/users/swasti/downloads# grep "ATG" 5 OM291647.fa
sta
grep: 5: No such file or directory
OM291647.fasta:ATGCCCAGCCCAGCACTGCTGTGTTGCCTGGTCCTGCTGGCCGGGGTAGGAGCCAGCCGCCACCAGAGCG
OM291647.fasta:CCCTGTCTGAGGACAACTGCACCCACTTCCCAGCCAGCCTGCCCCACATGCTCCGAGAGCTCCGAGCAGC
OM291647.fasta:CTTCGGCAGGGTGAAGACTTTCTTTGTGAGTATGATGCCTTCCTGTCCTTCCTTCCTTGCTGGGACTGCC
OM291647.fasta:TCCCCTAGGCATGGTGCTAGAGCCCTAAGAACCCTCCTCCTTCTTGTTCGCCTCCATCCCTAGCATCCAT
OM291647.fasta:GGACGCAGCAAAGGTGCAGAAAAAGCCACCTTACAGGTCACTGCGCTAGGAATCCTATGCTTAGCAACTT
OM291647.fasta:TTAATGAAGACTCCACCGGAGCTCAGTAGGCTGGGAGAAGAAATCCCAAAGGGTCTGACTGAAGATGAAG
OM291647.fasta:ATGTGTTCCCATCCCCCATGGCAGGAAAACACAAGTGGCTTCAGCTGAGCAGGTTTCTGGACCCTGGAAG
OM291647.fasta:CCTGCTGGCTGGGCGAGGCGCCATGCAGGGGTGGGGGGAAGCCTGCTTTAGGAGATGGTTCCCATTCCAG
OM291647.fasta:TGGGCATGCGGGGACCCTTCGAACCCGATTCATGTCTGCAAAAAGGAGACCAGGACCGGGTCAAGCTTCT
OM291647.fasta:GCCATGGCTTCAAAGCCTTGCAGAATTTTTTAAAAATCACTTGATCCTGAGGAAAAGGACCTGATTGAAC
OM291647.fasta:TGAGGGTTCCAGCCCTACTGAATGTCCTGCTTTGCAAATCTCCTTTCCATTTTGGGGCCAGGCTGTTCTG
OM291647.fasta:CCTTTTGTTCTTCTTGCAGCAAATGAAGGACAAGCTGGACAGCATATTGTTGACTGGGTCCTTGCTGGAG
OM291647.fasta:CCTGGGTTGCCAAGCCCTGTCGGAGATGATCCAGTTTTACTTGGAGGAGGTGATGCCCCAGGCCGAGAAC
OM291647.fasta:CCAGACAGACAGACAGACTGGCAGGAGCGCTCTCGGGAAGGCGCTTGAGTTCCATCTCATCTCATTTCT
OM291647.fasta:CTCTGAGCAAGGAGTGGGGGAGGCTGCTGGCATTTACATGTTTGCAAACAGCTTTCCTGTTATTTGTGAG
OM291647.fasta:TCATTTGTGGGTTATTAACTACTCTGTCTCTCTTTATGAAAAGGGCCCAGAGCTTCTGTCTGGGCTCCCT
OM291647.fasta:AGGATAAAAATGTTCTCCAATTGAAATGAGCCCCACCCCACGCATTTCCTCTGTTTTGTCGCTGATGATC
OM291647.fasta:GGGGAGTCAGTCAGTTGGTCTCTATCTGTAGGATGGAACTAGGCAAAGGTTTTGGTGTACATGGCTGAGA
OM291647.fasta:CTGCGTCTCTACTCTTCGGGGACTTAGAAATGGTCCCTGTGGCTGGAACTGAAGACGAGGGACAGGACAG
OM291647.fasta:GGAGGCAGGGAAGGACAGAATGGCTGGCTCAGCACGTGTCAGCACTGTGGCGTCCAGAGAGGAAGCGCCA
OM291647.fasta:AGCTCTAGCTCCTGGGTTTTCATGCCAGCTTTGCAAACGTCTCAGAGCGGCCCCTGGAGAAGCACTTTTC
OM291647.fasta:TACGGGGCTTAGGTATCCAACATGAGTCTGGCCGCTTCTTCATGCTACCAGCTCGTCCCCCAAGTGCTGT
OM291647.fasta:GAAGGGGGTGTGGGAACCCAACAGATGGTGTGACCTCCACAGCCAGTGAGGAGCTGCTACCTTGATTACA
OM291647.fasta:TTTGTCTTCTGTGAAGTGTCTTTGGGGGTTTCTAAATGACTGTTCCCCGCCTTTGCAGGCCTGTGGGTTG
OM291647.fasta:AGCCAGTCAGCCGGCCTGCGAACGCAGTGAGCTAGATGCTGGGGAGAGTGACAAAGGAAACAGAAAGTAG
OM291647.fasta:CTTGTTGGGAATCTAGACTAAAGCCACACGTGCAGGAAGCCGACACGTGAATGTGCACACACAAACACAC
OM291647.fasta:TCCCTTTCCAGCTGCTGTTCACACCTGCCAAGGTGCCTCAGAATGTCAACTCTCAGATCAATGGGGTTT
OM291647.fasta:CGCACTTCAGCTGTCCGTGAACTCCTCAACCCCACTTCCCAGAAGCCATGCGGTCTCTGTCCTCTTTGTG
OM291647.fasta:GTTCCTCTAATGTCTTCTCTCCAGATTCTGAATAAGAGTCATGTGAGTGCACGACTTTTAAAATTGTTAA
OM291647.fasta:CACCTGGGCCCCAGAGTCATACCCATCCAAGCCAGGGACCCATTTACTCACACAGATGGGGCTTTCACTA
OM291647.fasta:AACGTTTCTTATCTTCCTACACAGCTCCAAGAGAGAGGTGTCTACAAAGCCATGAGTGAGTTTGACATCT
OM291647.fasta:TCATCAACTACATAGAAACCTACATGACAATGAGGATGAAGATCTGA
root@DESKTOP-DOHB37O:/mnt/c/users/swasti/downloads# grep "gta" 5 OM291647.fa
sta
grep: 5: No such file or directory
root@DESKTOP-DOHB37O:/mnt/c/users/swasti/downloads# grep "ATG" 5 OM291647.fa
sta
grep: 5: No such file or directory
OM291647.fasta:ATGCCCAGCCCAGCACTGCTGTGTTGCCTGGTCCTGCTGGCCGGGGTAGGAGCCAGCCGCCACCAGAGCG
OM291647.fasta:CCCTGTCTGAGGACAACTGCACCCACTTCCCAGCCAGCCTGCCCCACATGCTCCGAGAGCTCCGAGCAGC
OM291647.fasta:CTTCGGCAGGGTGAAGACTTTCTTTGTGAGTATGATGCCTTCCTGTCCTTCCTTCCTTGCTGGGACTGCC
OM291647.fasta:TCCCCTAGGCATGGTGCTAGAGCCCTAAGAACCCTCCTCCTTCTTGTTCGCCTCCATCCCTAGCATCCAT
OM291647.fasta:GGACGCAGCAAAGGTGCAGAAAAAGCCACCTTACAGGTCACTGCGCTAGGAATCCTATGCTTAGCAACTT
OM291647.fasta:TTAATGAAGACTCCACCGGAGCTCAGTAGGCTGGGAGAAGAAATCCCAAAGGGTCTGACTGAAGATGAAG
OM291647.fasta:ATGTGTTCCCATCCCCCATGGCAGGAAAACACAAGTGGCTTCAGCTGAGCAGGTTTCTGGACCCTGGAAG
OM291647.fasta:CCTGCTGGCTGGGCGAGGCGCCATGCAGGGGTGGGGGGAAGCCTGCTTTAGGAGATGGTTCCCATTCCAG
OM291647.fasta:TGGGCATGCGGGGACCCTTCGAACCCGATTCATGTCTGCAAAAAGGAGACCAGGACCGGGTCAAGCTTCT
OM291647.fasta:GCCATGGCTTCAAAGCCTTGCAGAATTTTTTAAAAATCACTTGATCCTGAGGAAAAGGACCTGATTGAAC
OM291647.fasta:TGAGGGTTCCAGCCCTACTGAATGTCCTGCTTTGCAAATCTCCTTTCCATTTTGGGGCCAGGCTGTTCTG
OM291647.fasta:CCTTTTGTTCTTCTTGCAGCAAATGAAGGACAAGCTGGACAGCATATTGTTGACTGGGTCCTTGCTGGAG
OM291647.fasta:CCTGGGTTGCCAAGCCCTGTCGGAGATGATCCAGTTTTACTTGGAGGAGGTGATGCCCCAGGCCGAGAAC
OM291647.fasta:CCAGACAGACAGACAGACTGGCAGGAGCGCTCTCGGGAAGGCGCTTGAGTTCCATCTCATCTCATTTCT
OM291647.fasta:CTCTGAGCAAGGAGTGGGGGAGGCTGCTGGCATTTACATGTTTGCAAACAGCTTTCCTGTTATTTGTGAG
OM291647.fasta:TCATTTGTGGGTTATTAACTACTCTGTCTCTCTTTATGAAAAGGGCCCAGAGCTTCTGTCTGGGCTCCCT
OM291647.fasta:AGGATAAAAATGTTCTCCAATTGAAATGAGCCCCACCCCACGCATTTCCTCTGTTTTGTCGCTGATGATC
OM291647.fasta:GGGGAGTCAGTCAGTTGGTCTCTATCTGTAGGATGGAACTAGGCAAAGGTTTTGGTGTACATGGCTGAGA
OM291647.fasta:CTGCGTCTCTACTCTTCGGGGACTTAGAAATGGTCCCTGTGGCTGGAACTGAAGACGAGGGACAGGACAG
OM291647.fasta:GGAGGCAGGGAAGGACAGAATGGCTGGCTCAGCACGTGTCAGCACTGTGGCGTCCAGAGAGGAAGCGCCA
OM291647.fasta:AGCTCTAGCTCCTGGGTTTTCATGCCAGCTTTGCAAACGTCTCAGAGCGGCCCCTGGAGAAGCACTTTTC
OM291647.fasta:TACGGGGCTTAGGTATCCAACATGAGTCTGGCCGCTTCTTCATGCTACCAGCTCGTCCCCCAAGTGCTGT
OM291647.fasta:GAAGGGGGTGTGGGAACCCAACAGATGGTGTGACCTCCACAGCCAGTGAGGAGCTGCTACCTTGATTACA
OM291647.fasta:TTTGTCTTCTGTGAAGTGTCTTTGGGGGTTTCTAAATGACTGTTCCCCGCCTTTGCAGGCCTGTGGGTTG
OM291647.fasta:AGCCAGTCAGCCGGCCTGCGAACGCAGTGAGCTAGATGCTGGGGAGAGTGACAAAGGAAACAGAAAGTAG
OM291647.fasta:CTTGTTGGGAATCTAGACTAAAGCCACACGTGCAGGAAGCCGACACGTGAATGTGCACACACAAACACAC
OM291647.fasta:TCCCTTTCCAGCTGCTGTTCACACCTGCCAAGGTGCCTCAGAATGTCAACTCTCAGATCAATGGGGTTT
OM291647.fasta:CGCACTTCAGCTGTCCGTGAACTCCTCAACCCCACTTCCCAGAAGCCATGCGGTCTCTGTCCTCTTTGTG
OM291647.fasta:GTTCCTCTAATGTCTTCTCTCCAGATTCTGAATAAGAGTCATGTGAGTGCACGACTTTTAAAATTGTTAA
OM291647.fasta:CACCTGGGCCCCAGAGTCATACCCATCCAAGCCAGGGACCCATTTACTCACACAGATGGGGCTTTCACTA
OM291647.fasta:AACGTTTCTTATCTTCCTACACAGCTCCAAGAGAGAGGTGTCTACAAAGCCATGAGTGAGTTTGACATCT
OM291647.fasta:TCATCAACTACATAGAAACCTACATGACAATGAGGATGAAGATCTGA
root@DESKTOP-DOHB37O:/mnt/c/users/swasti/downloads# grep "ggg" 5 OM291647.fa
sta
root@DESKTOP-DOHB37O:/mnt/c/users/swasti/downloads# grep "ggg" 5 OM291647.fasta
grep: 5: No such file or directory
root@DESKTOP-DOHB37O:/mnt/c/users/swasti/downloads# grep "ggg" OM291647.fasta
root@DESKTOP-DOHB37O:/mnt/c/users/swasti/downloads# grep -C 5 "ggg" OM291647.fasta
root@DESKTOP-DOHB37O:/mnt/c/users/swasti/downloads# grep -n "ggg" OM291647.fasta
root@DESKTOP-DOHB37O:/mnt/c/users/swasti/downloads# grep -n "GGG" OM291647.fasta
2:ATGCCCAGCCCAGCACTGCTGTGTTGCCTGGTCCTGCTGGCCGGGGTAGGAGCCAGCCGCCACCAGAGCG
4:CTTCGGCAGGGTGAAGACTTTCTTTGTGAGTATGATGCCTTCCTGTCCTTCCTTCCTTGCTGGGACTGCC
8:TTAATGAAGACTCCACCGGAGCTCAGTAGGCTGGGAGAAGAAATCCCAAAGGGTCTGACTGAAGATGAAG
10:CCTGCTGGCTGGGCGAGGCGCCATGCAGGGGTGGGGGGAAGCCTGCTTTAGGAGATGGTTCCCATTCCAG
11:ACAGCTTTCAGAACTGCAGCTGGAGGTCCGCAGCAGGGAGAAAGAAAAGCAAGGACCCCTGAAGAGTGGG
12:TGGGCATGCGGGGACCCTTCGAACCCGATTCATGTCTGCAAAAAGGAGACCAGGACCGGGTCAAGCTTCT
14:TGAGGGTTCCAGCCCTACTGAATGTCCTGCTTTGCAAATCTCCTTTCCATTTTGGGGCCAGGCTGTTCTG
15:ATTAAAAGTCAGAAGCTCTATAAATAAGAGGGCATCAGAAAGACATTTCCTCAAACATCAGGTTCATTCT
16:CCTTTTGTTCTTCTTGCAGCAAATGAAGGACAAGCTGGACAGCATATTGTTGACTGGGTCCTTGCTGGAG
17:GACTTTAAGGTGAGAGCCCAAGGGGGTGTGTGGGAGGAGAGGGTGCAGCGTGACTCAGAGAAGAGTGGCC
18:ACTGGGACCAGGGTCTGCTTCCTTTGCTTTGAAAAGGAGAAGTGGAAAGATCTTAACTCAGCACATAGCC
19:AAAGGGCTGTCCTGGGGAGGGGGAAGGAGGGAGGTGGCTGGTTAAGAAAGGTCCCCGGGGACAAAGCTGT
20:CCTCTCCAGCTAGGGCAGCAGCTCTTCCTCCCAGTCACCGCCCCCCCCCCCGCCCCTGCCCTTAGGGTTA
21:CCTGGGTTGCCAAGCCCTGTCGGAGATGATCCAGTTTTACTTGGAGGAGGTGATGCCCCAGGCCGAGAAC
22:CACGACCCAGAAGTCAAGGAGCACGTGAACTCGCTGGGGGAAAAGCTGAAGACCCTGCGGCTGAGGCTTC
23:GGCGCTGTGTGAGTGCGGGCAGGTCTTCCCCTGGCGCTCTGGGGCGCCCTTCCTGAAACCCCACTCACAC
24:CCAGACAGACAGACAGACTGGCAGGAGCGCTCTCGGGAAGGCGCTTGAGTTCCATCTCATGCTCATTTCT
25:CTCTGAGCAAGGAGTGGGGGAGGCTGCTGGCATTTACATGTTTGCAAACAGCTTTCCTGTTATTTGTGAG
26:TCATTTGTGGGTTATTAACTACTCTGTCTCTCTTTATGAAAAGGGCCCAGAGCTTCTGTCTGGGCTCCCT
27:CGTCCCTTTGGACCTAGACCCCAGGGCCCAGCAAAACGGGCCAGGAGATAGGGTCCCTCGGAGAAGAAAC
28:CCCACTTACCTCTTATCCTCTACCTTTTGAAAGCAGAGCTCTGACGTGGGGCCCAACAGACTGACAGGAC
29:TTCCCCAAGCACTTTGGAAGGGCTCCAGGGAGCTACTTGTCCCCAAGCTAGTGTCTCTAAATAATCCCCC
31:GGGGAGTCAGTCAGTTGGTCTCTATCTGTAGGATGGAACTAGGCAAAGGTTTTGGTGTACATGGCTGAGA
32:CTGCGTCTCTACTCTTCGGGGACTTAGAAATGGTCCCTGTGGCTGGAACTGAAGACGAGGGACAGGACAG
33:GGAGGCAGGGAAGGACAGAATGGCTGGCTCAGCACGTGTCAGCACTGTGGCGTCCAGAGAGGAAGCGCCA
34:AGCTCTAGCTCCTGGGTTTTCATGCCAGCTTTGCAAACGTCTCAGAGCGGCCCCTGGAGAAGCACTTTTC
35:ATTCCCCAGAGCTGTTTCTCCTCCGTCTAGGGGGCCCGGGGGAGGTGGAGCTCGGTTCTCCCAAAGGAGC
36:TACGGGGCTTAGGTATCCAACATGAGTCTGGCCGCTTCTTCATGCTACCAGCTCGTCCCCCAAGTGCTGT
37:GGACACAGGAGCTGGGAGCCAGTGGCATTAACACTTTCTCTTTCCCTCCACAGCATCGATTTCTGCCCTG
39:GGGCGTGGGGACCGTGATCTCTACCCGCTCCCCAAGCTGGCAGGTGCTAAGCAGGCCCCGTCCTTCTCTT
40:GAAGGGGGTGTGGGAACCCAACAGATGGTGTGACCTCCACAGCCAGTGAGGAGCTGCTACCTTGATTACA
41:TTTGTCTTCTGTGAAGTGTCTTTGGGGGTTTCTAAATGACTGTTCCCCGCCTTTGCAGGCCTGTGGGTTG
42:AGCCAGTCAGCCGGCCTGCGAACGCAGTGAGCTAGATGCTGGGGAGAGTGACAAAGGAAACAGAAAGTAG
43:CTTGTTGGGAATCTAGACTAAAGCCACACGTGCAGGAAGCCGACACGTGAATGTGCACACACAAACACAC
44:CCAAGGGTTCAGCCGGAACTCCCCAAAGCTCTGAGTAGGAAATTCTCGTTAATCTCGAGTTGGTCCATAC
45:TCCCTTTCCAGCTGCTGTTCACACCTGCCAAGGTGCCTCAGAATGTCAACTCTCAGATCACATGGGGTTT
47:GGAGGGTTCCAGTCTCGGGGGACATAAGCCTCCTGACCGTAGGCCAAAGGAGCAGGGCAGGGCCTATTCA
48:ATCCATTGGTGGGAGGACATAAACATAAAAGGGGTCCCTTTTCTCCTCTTACCAACTTGCTTTCGAAGCG
51:AAGGCCCCAGGCATACCCTCAGCTTCCTAGGGTCTATCCTTCACCTCCCGACCCAAGAGAGCAGGTGTGG
52:CACCTGGGCCCCAGAGTCATACCCATCCAAGCCAGGGACCCATTTACTCACACAGATGGGGCTTTCACTA
root@DESKTOP-DOHB37O:/mnt/c/users/swasti/downloads# wc -1 OM291647.fasta
wc: invalid option -- '1'
Try 'wc --help' for more information.
root@DESKTOP-DOHB37O:/mnt/c/users/swasti/downloads#
root@DESKTOP-DOHB37O:/mnt/c/users/swasti/downloads#
root@DESKTOP-DOHB37O:/mnt/c/users/swasti/downloads# grep -v ">" OM291647.fasta
ATGCCCAGCCCAGCACTGCTGTGTTGCCTGGTCCTGCTGGCCGGGGTAGGAGCCAGCCGCCACCAGAGCG
CCCTGTCTGAGGACAACTGCACCCACTTCCCAGCCAGCCTGCCCCACATGCTCCGAGAGCTCCGAGCAGC
CTTCGGCAGGGTGAAGACTTTCTTTGTGAGTATGATGCCTTCCTGTCCTTCCTTCCTTGCTGGGACTGCC
TCCCCTAGGCATGGTGCTAGAGCCCTAAGAACCCTCCTCCTTCTTGTTCGCCTCCATCCCTAGCATCCAT
TTCCCTCAAACAAACATTCTTTAAGAGTCCCAGGTCAAGCCAGAGGCTCAGTGAGTTCACCTAAGCCCAG
GGACGCAGCAAAGGTGCAGAAAAAGCCACCTTACAGGTCACTGCGCTAGGAATCCTATGCTTAGCAACTT
TTAATGAAGACTCCACCGGAGCTCAGTAGGCTGGGAGAAGAAATCCCAAAGGGTCTGACTGAAGATGAAG
ATGTGTTCCCATCCCCCATGGCAGGAAAACACAAGTGGCTTCAGCTGAGCAGGTTTCTGGACCCTGGAAG
CCTGCTGGCTGGGCGAGGCGCCATGCAGGGGTGGGGGGAAGCCTGCTTTAGGAGATGGTTCCCATTCCAG
ACAGCTTTCAGAACTGCAGCTGGAGGTCCGCAGCAGGGAGAAAGAAAAGCAAGGACCCCTGAAGAGTGGG
TGGGCATGCGGGGACCCTTCGAACCCGATTCATGTCTGCAAAAAGGAGACCAGGACCGGGTCAAGCTTCT
GCCATGGCTTCAAAGCCTTGCAGAATTTTTTAAAAATCACTTGATCCTGAGGAAAAGGACCTGATTGAAC
TGAGGGTTCCAGCCCTACTGAATGTCCTGCTTTGCAAATCTCCTTTCCATTTTGGGGCCAGGCTGTTCTG
ATTAAAAGTCAGAAGCTCTATAAATAAGAGGGCATCAGAAAGACATTTCCTCAAACATCAGGTTCATTCT
CCTTTTGTTCTTCTTGCAGCAAATGAAGGACAAGCTGGACAGCATATTGTTGACTGGGTCCTTGCTGGAG
GACTTTAAGGTGAGAGCCCAAGGGGGTGTGTGGGAGGAGAGGGTGCAGCGTGACTCAGAGAAGAGTGGCC
ACTGGGACCAGGGTCTGCTTCCTTTGCTTTGAAAAGGAGAAGTGGAAAGATCTTAACTCAGCACATAGCC
AAAGGGCTGTCCTGGGGAGGGGGAAGGAGGGAGGTGGCTGGTTAAGAAAGGTCCCCGGGGACAAAGCTGT
CCTCTCCAGCTAGGGCAGCAGCTCTTCCTCCCAGTCACCGCCCCCCCCCCCGCCCCTGCCCTTAGGGTTA
CCTGGGTTGCCAAGCCCTGTCGGAGATGATCCAGTTTTACTTGGAGGAGGTGATGCCCCAGGCCGAGAAC
CACGACCCAGAAGTCAAGGAGCACGTGAACTCGCTGGGGGAAAAGCTGAAGACCCTGCGGCTGAGGCTTC
GGCGCTGTGTGAGTGCGGGCAGGTCTTCCCCTGGCGCTCTGGGGCGCCCTTCCTGAAACCCCACTCACAC
CCAGACAGACAGACAGACTGGCAGGAGCGCTCTCGGGAAGGCGCTTGAGTTCCATCTCATGCTCATTTCT
CTCTGAGCAAGGAGTGGGGGAGGCTGCTGGCATTTACATGTTTGCAAACAGCTTTCCTGTTATTTGTGAG
TCATTTGTGGGTTATTAACTACTCTGTCTCTCTTTATGAAAAGGGCCCAGAGCTTCTGTCTGGGCTCCCT
CGTCCCTTTGGACCTAGACCCCAGGGCCCAGCAAAACGGGCCAGGAGATAGGGTCCCTCGGAGAAGAAAC
CCCACTTACCTCTTATCCTCTACCTTTTGAAAGCAGAGCTCTGACGTGGGGCCCAACAGACTGACAGGAC
TTCCCCAAGCACTTTGGAAGGGCTCCAGGGAGCTACTTGTCCCCAAGCTAGTGTCTCTAAATAATCCCCC
AGGATAAAAATGTTCTCCAATTGAAATGAGCCCCACCCCACGCATTTCCTCTGTTTTGTCGCTGATGATC
GGGGAGTCAGTCAGTTGGTCTCTATCTGTAGGATGGAACTAGGCAAAGGTTTTGGTGTACATGGCTGAGA
CTGCGTCTCTACTCTTCGGGGACTTAGAAATGGTCCCTGTGGCTGGAACTGAAGACGAGGGACAGGACAG
GGAGGCAGGGAAGGACAGAATGGCTGGCTCAGCACGTGTCAGCACTGTGGCGTCCAGAGAGGAAGCGCCA
AGCTCTAGCTCCTGGGTTTTCATGCCAGCTTTGCAAACGTCTCAGAGCGGCCCCTGGAGAAGCACTTTTC
ATTCCCCAGAGCTGTTTCTCCTCCGTCTAGGGGGCCCGGGGGAGGTGGAGCTCGGTTCTCCCAAAGGAGC
TACGGGGCTTAGGTATCCAACATGAGTCTGGCCGCTTCTTCATGCTACCAGCTCGTCCCCCAAGTGCTGT
GGACACAGGAGCTGGGAGCCAGTGGCATTAACACTTTCTCTTTCCCTCCACAGCATCGATTTCTGCCCTG
TGAGAATAAGAGCAAGGCAGTGGAGCAGGTGAAAAGCGCCTTCAGTAAGGTACGTGGACGGCGGCAGAAG
GGGCGTGGGGACCGTGATCTCTACCCGCTCCCCAAGCTGGCAGGTGCTAAGCAGGCCCCGTCCTTCTCTT
GAAGGGGGTGTGGGAACCCAACAGATGGTGTGACCTCCACAGCCAGTGAGGAGCTGCTACCTTGATTACA
TTTGTCTTCTGTGAAGTGTCTTTGGGGGTTTCTAAATGACTGTTCCCCGCCTTTGCAGGCCTGTGGGTTG
AGCCAGTCAGCCGGCCTGCGAACGCAGTGAGCTAGATGCTGGGGAGAGTGACAAAGGAAACAGAAAGTAG
CTTGTTGGGAATCTAGACTAAAGCCACACGTGCAGGAAGCCGACACGTGAATGTGCACACACAAACACAC
CCAAGGGTTCAGCCGGAACTCCCCAAAGCTCTGAGTAGGAAATTCTCGTTAATCTCGAGTTGGTCCATAC
TCCCTTTCCAGCTGCTGTTCACACCTGCCAAGGTGCCTCAGAATGTCAACTCTCAGATCACATGGGGTTT
CGCACTTCAGCTGTCCGTGAACTCCTCAACCCCACTTCCCAGAAGCCATGCGGTCTCTGTCCTCTTTGTG
GGAGGGTTCCAGTCTCGGGGGACATAAGCCTCCTGACCGTAGGCCAAAGGAGCAGGGCAGGGCCTATTCA
ATCCATTGGTGGGAGGACATAAACATAAAAGGGGTCCCTTTTCTCCTCTTACCAACTTGCTTTCGAAGCG
GTTCCTCTAATGTCTTCTCTCCAGATTCTGAATAAGAGTCATGTGAGTGCACGACTTTTAAAATTGTTAA
GGCATCATTTTGTAGACTCTTCCTCCTGTTACTTGCCAGCCAAGCTTTAGACCCATCTGTAGCCTTTCCC
AAGGCCCCAGGCATACCCTCAGCTTCCTAGGGTCTATCCTTCACCTCCCGACCCAAGAGAGCAGGTGTGG
CACCTGGGCCCCAGAGTCATACCCATCCAAGCCAGGGACCCATTTACTCACACAGATGGGGCTTTCACTA
AACGTTTCTTATCTTCCTACACAGCTCCAAGAGAGAGGTGTCTACAAAGCCATGAGTGAGTTTGACATCT
TCATCAACTACATAGAAACCTACATGACAATGAGGATGAAGATCTGA

root@DESKTOP-DOHB37O:/mnt/c/users/swasti/downloads# blastn -query  OM291647..fasta -db nt -out results.txt
Command 'blastn' not found, but can be installed with:
apt install ncbi-blast+
root@DESKTOP-DOHB37O:/mnt/c/users/swasti/downloads# vi check_fasta.sh
root@DESKTOP-DOHB37O:/mnt/c/users/swasti/downloads# chmod +x check_fasta.sh
root@DESKTOP-DOHB37O:/mnt/c/users/swasti/downloads# ./check_fasta.sh/ OM291647.fasta
-bash: ./check_fasta.sh/: Not a directory
root@DESKTOP-DOHB37O:/mnt/c/users/swasti/downloads# ./check_fasta.sh OM291647.fasta
./check_fasta.sh: line 11: syntax error near unexpected token `else'
./check_fasta.sh: line 11: `else'
root@DESKTOP-DOHB37O:/mnt/c/users/swasti/downloads# vi check_fasta.sh
root@DESKTOP-DOHB37O:/mnt/c/users/swasti/downloads# ./check_fasta.sh OM291647.fasta
this looks like a fasta file.
root@DESKTOP-DOHB37O:/mnt/c/users/swasti/downloads# vi check_fasta.sh
root@DESKTOP-DOHB37O:/mnt/c/users/swasti/downloads# chmod +x check_fasta.sh
root@DESKTOP-DOHB37O:/mnt/c/users/swasti/downloads# ./check_fasta.sh OM291647.fasta
this looks like a fasta file.
sequence is larger than 100 bp.
root@DESKTOP-DOHB37O:/mnt/c/users/swasti/downloads#
root@DESKTOP-DOHB37O:/mnt/c/users/swasti/downloads# vi check_fasta.sh
root@DESKTOP-DOHB37O:/mnt/c/users/swasti/downloads# chmod +x check_fasta.sh
root@DESKTOP-DOHB37O:/mnt/c/users/swasti/downloads# ./check_fasta.sh OM291647.fasta
this looks like a fasta file.
sequence is larger than 100 bp.
grep: : No such file or directory
wc: invalid option -- '1'
Try 'wc --help' for more information.
./check_fasta.sh: line 29: 100*gc / total: division by 0 (error token is "total")
./check_fasta.sh: line 30: unexpected EOF while looking for matching `"'
root@DESKTOP-DOHB37O:/mnt/c/users/swasti/downloads# vi check_fasta.sh
root@DESKTOP-DOHB37O:/mnt/c/users/swasti/downloads# ./check_fasta.sh OM291647.fasta
this looks like a fasta file.
sequence is larger than 100 bp.
grep: : No such file or directory
wc: invalid option -- '1'
Try 'wc --help' for more information.
./check_fasta.sh: line 29: 100*gc / total: division by 0 (error token is "total")
./check_fasta.sh: line 30: unexpected EOF while looking for matching `"'
root@DESKTOP-DOHB37O:/mnt/c/users/swasti/downloads# vi check_fasta.sh
root@DESKTOP-DOHB37O:/mnt/c/users/swasti/downloads# ./check_fasta.sh OM291647.fasta
this looks like a fasta file.
sequence is larger than 100 bp.
grep: : No such file or directory
wc: invalid option -- '1'
Try 'wc --help' for more information.
./check_fasta.sh: line 29: 100 * gc / total : division by 0 (error token is "total ")
GC Content: %
root@DESKTOP-DOHB37O:/mnt/c/users/swasti/downloads# vi check_fasta.sh
root@DESKTOP-DOHB37O:/mnt/c/users/swasti/downloads# ./check_fasta.sh OM291647.fasta
this looks like a fasta file.
sequence is larger than 100 bp.
GC Content: 54
grep: : No such file or directory
wc: invalid option -- '1'
Try 'wc --help' for more information.
./check_fasta.sh: line 38: 100 * gc / total : division by 0 (error token is "total ")
GC Content: 54%
root@DESKTOP-DOHB37O:/mnt/c/users/swasti/downloads# vi check_fasta.sh
root@DESKTOP-DOHB37O:/mnt/c/users/swasti/downloads# ./check_fasta.sh OM291647.fasta
this looks like a fasta file.
sequence is larger than 100 bp.
GC Content: 54
 Number of start codons (ATG): ATGCCCAGCCCAGCACTGCTGTGTTGCCTGGTCCTGCTGGCCGGGGTAGGAGCCAGCCGCCACCAGAGCGCCCTGTCTGAGGACAACTGCACCCACTTCCCAGCCAGCCTGCCCCACATGCTCCGAGAGCTCCGAGCAGCCTTCGGCAGGGTGAAGACTTTCTTTGTGAGTATGATGCCTTCCTGTCCTTCCTTCCTTGCTGGGACTGCCTCCCCTAGGCATGGTGCTAGAGCCCTAAGAACCCTCCTCCTTCTTGTTCGCCTCCATCCCTAGCATCCATTTCCCTCAAACAAACATTCTTTAAGAGTCCCAGGTCAAGCCAGAGGCTCAGTGAGTTCACCTAAGCCCAGGGACGCAGCAAAGGTGCAGAAAAAGCCACCTTACAGGTCACTGCGCTAGGAATCCTATGCTTAGCAACTTTTAATGAAGACTCCACCGGAGCTCAGTAGGCTGGGAGAAGAAATCCCAAAGGGTCTGACTGAAGATGAAGATGTGTTCCCATCCCCCATGGCAGGAAAACACAAGTGGCTTCAGCTGAGCAGGTTTCTGGACCCTGGAAGCCTGCTGGCTGGGCGAGGCGCCATGCAGGGGTGGGGGGAAGCCTGCTTTAGGAGATGGTTCCCATTCCAGACAGCTTTCAGAACTGCAGCTGGAGGTCCGCAGCAGGGAGAAAGAAAAGCAAGGACCCCTGAAGAGTGGGTGGGCATGCGGGGACCCTTCGAACCCGATTCATGTCTGCAAAAAGGAGACCAGGACCGGGTCAAGCTTCTGCCATGGCTTCAAAGCCTTGCAGAATTTTTTAAAAATCACTTGATCCTGAGGAAAAGGACCTGATTGAACTGAGGGTTCCAGCCCTACTGAATGTCCTGCTTTGCAAATCTCCTTTCCATTTTGGGGCCAGGCTGTTCTGATTAAAAGTCAGAAGCTCTATAAATAAGAGGGCATCAGAAAGACATTTCCTCAAACATCAGGTTCATTCTCCTTTTGTTCTTCTTGCAGCAAATGAAGGACAAGCTGGACAGCATATTGTTGACTGGGTCCTTGCTGGAGGACTTTAAGGTGAGAGCCCAAGGGGGTGTGTGGGAGGAGAGGGTGCAGCGTGACTCAGAGAAGAGTGGCCACTGGGACCAGGGTCTGCTTCCTTTGCTTTGAAAAGGAGAAGTGGAAAGATCTTAACTCAGCACATAGCCAAAGGGCTGTCCTGGGGAGGGGGAAGGAGGGAGGTGGCTGGTTAAGAAAGGTCCCCGGGGACAAAGCTGTCCTCTCCAGCTAGGGCAGCAGCTCTTCCTCCCAGTCACCGCCCCCCCCCCCGCCCCTGCCCTTAGGGTTACCTGGGTTGCCAAGCCCTGTCGGAGATGATCCAGTTTTACTTGGAGGAGGTGATGCCCCAGGCCGAGAACCACGACCCAGAAGTCAAGGAGCACGTGAACTCGCTGGGGGAAAAGCTGAAGACCCTGCGGCTGAGGCTTCGGCGCTGTGTGAGTGCGGGCAGGTCTTCCCCTGGCGCTCTGGGGCGCCCTTCCTGAAACCCCACTCACACCCAGACAGACAGACAGACTGGCAGGAGCGCTCTCGGGAAGGCGCTTGAGTTCCATCTCATGCTCATTTCTCTCTGAGCAAGGAGTGGGGGAGGCTGCTGGCATTTACATGTTTGCAAACAGCTTTCCTGTTATTTGTGAGTCATTTGTGGGTTATTAACTACTCTGTCTCTCTTTATGAAAAGGGCCCAGAGCTTCTGTCTGGGCTCCCTCGTCCCTTTGGACCTAGACCCCAGGGCCCAGCAAAACGGGCCAGGAGATAGGGTCCCTCGGAGAAGAAACCCCACTTACCTCTTATCCTCTACCTTTTGAAAGCAGAGCTCTGACGTGGGGCCCAACAGACTGACAGGACTTCCCCAAGCACTTTGGAAGGGCTCCAGGGAGCTACTTGTCCCCAAGCTAGTGTCTCTAAATAATCCCCCAGGATAAAAATGTTCTCCAATTGAAATGAGCCCCACCCCACGCATTTCCTCTGTTTTGTCGCTGATGATCGGGGAGTCAGTCAGTTGGTCTCTATCTGTAGGATGGAACTAGGCAAAGGTTTTGGTGTACATGGCTGAGACTGCGTCTCTACTCTTCGGGGACTTAGAAATGGTCCCTGTGGCTGGAACTGAAGACGAGGGACAGGACAGGGAGGCAGGGAAGGACAGAATGGCTGGCTCAGCACGTGTCAGCACTGTGGCGTCCAGAGAGGAAGCGCCAAGCTCTAGCTCCTGGGTTTTCATGCCAGCTTTGCAAACGTCTCAGAGCGGCCCCTGGAGAAGCACTTTTCATTCCCCAGAGCTGTTTCTCCTCCGTCTAGGGGGCCCGGGGGAGGTGGAGCTCGGTTCTCCCAAAGGAGCTACGGGGCTTAGGTATCCAACATGAGTCTGGCCGCTTCTTCATGCTACCAGCTCGTCCCCCAAGTGCTGTGGACACAGGAGCTGGGAGCCAGTGGCATTAACACTTTCTCTTTCCCTCCACAGCATCGATTTCTGCCCTGTGAGAATAAGAGCAAGGCAGTGGAGCAGGTGAAAAGCGCCTTCAGTAAGGTACGTGGACGGCGGCAGAAGGGGCGTGGGGACCGTGATCTCTACCCGCTCCCCAAGCTGGCAGGTGCTAAGCAGGCCCCGTCCTTCTCTTGAAGGGGGTGTGGGAACCCAACAGATGGTGTGACCTCCACAGCCAGTGAGGAGCTGCTACCTTGATTACATTTGTCTTCTGTGAAGTGTCTTTGGGGGTTTCTAAATGACTGTTCCCCGCCTTTGCAGGCCTGTGGGTTGAGCCAGTCAGCCGGCCTGCGAACGCAGTGAGCTAGATGCTGGGGAGAGTGACAAAGGAAACAGAAAGTAGCTTGTTGGGAATCTAGACTAAAGCCACACGTGCAGGAAGCCGACACGTGAATGTGCACACACAAACACACCCAAGGGTTCAGCCGGAACTCCCCAAAGCTCTGAGTAGGAAATTCTCGTTAATCTCGAGTTGGTCCATACTCCCTTTCCAGCTGCTGTTCACACCTGCCAAGGTGCCTCAGAATGTCAACTCTCAGATCACATGGGGTTTCGCACTTCAGCTGTCCGTGAACTCCTCAACCCCACTTCCCAGAAGCCATGCGGTCTCTGTCCTCTTTGTGGGAGGGTTCCAGTCTCGGGGGACATAAGCCTCCTGACCGTAGGCCAAAGGAGCAGGGCAGGGCCTATTCAATCCATTGGTGGGAGGACATAAACATAAAAGGGGTCCCTTTTCTCCTCTTACCAACTTGCTTTCGAAGCGGTTCCTCTAATGTCTTCTCTCCAGATTCTGAATAAGAGTCATGTGAGTGCACGACTTTTAAAATTGTTAAGGCATCATTTTGTAGACTCTTCCTCCTGTTACTTGCCAGCCAAGCTTTAGACCCATCTGTAGCCTTTCCCAAGGCCCCAGGCATACCCTCAGCTTCCTAGGGTCTATCCTTCACCTCCCGACCCAAGAGAGCAGGTGTGGCACCTGGGCCCCAGAGTCATACCCATCCAAGCCAGGGACCCATTTACTCACACAGATGGGGCTTTCACTAAACGTTTCTTATCTTCCTACACAGCTCCAAGAGAGAGGTGTCTACAAAGCCATGAGTGAGTTTGACATCTTCATCAACTACATAGAAACCTACATGACAATGAGGATGAAGATCTGA
root@DESKTOP-DOHB37O:/mnt/c/users/swasti/downloads# vi check_fasta.sh
root@DESKTOP-DOHB37O:/mnt/c/users/swasti/downloads# ./check_fasta.sh OM291647.fasta
this looks like a fasta file.
sequence is larger than 100 bp.
GC Content: 54
 Number of start codons (ATG): 2692
root@DESKTOP-DOHB37O:/mnt/c/users/swasti/downloads#
