root@DESKTOP-DOHB37O:~# touch myfile
root@DESKTOP-DOHB37O:~# ./myscript.sh
-bash: ./myscript.sh: No such file or directory
root@DESKTOP-DOHB37O:~# vi myfile
root@DESKTOP-DOHB37O:~# chmod +x myfile.sh
chmod: cannot access 'myfile.sh': No such file or directory
root@DESKTOP-DOHB37O:~# chmod +x myfile
root@DESKTOP-DOHB37O:~# ./myfile.sh
-bash: ./myfile.sh: No such file or directory
root@DESKTOP-DOHB37O:~# ./myfile
hello, world!
root@DESKTOP-DOHB37O:~# vi myfile
root@DESKTOP-DOHB37O:~# ./myfile
hello, world!
this will be printed
root@DESKTOP-DOHB37O:~# tocuh fruits.txt
Command 'tocuh' not found, did you mean:
  command 'touch' from deb coreutils (9.4-2ubuntu2)
Try: apt install <deb name>
root@DESKTOP-DOHB37O:~#
root@DESKTOP-DOHB37O:~# touch fruits.txt
root@DESKTOP-DOHB37O:~# vi fruits.txt
root@DESKTOP-DOHB37O:~# if grep apple fruits.txt && grep banana fruits.txt
then
  echo "Both words are in the file."
fi
echo "I went to the market this morning and picked up some fresh fruits for breakfast. Among the vibrant selection, the crisp red apple and the ripe yellow banana immediately caught my eye. I love slicing the apple for a quick snack, while the banana goes perfectly in my smoothie. Together, they make a healthy and delicious start to the day."
echo "I went to the market this morning and picked up some fresh fruits for breakfast. Among the vibrant selection, the crisp red apple and the ripe yellow banana immediately caught my eye. I love slicing the apple for a quick snack, while the banana goes perfectly in my smoothie. Together, they make a healthy and delicious start to the day."
Both words are in the file.
root@DESKTOP-DOHB37O:~# vi fruits.txt
root@DESKTOP-DOHB37O:~# if grep apple fruits.txt && grep banana fruits.txt; then   echo "Both words are in the file."; fi
echo "I went to the market this morning and picked up some fresh fruits for breakfast. Among the vibrant selection, the crisp red apple and the ripe yellow  immediately caught my eye. I love slicing the apple for a quick snack, while the goes perfectly in my smoothie. Together, they make a healthy and delicious start to the day"
root@DESKTOP-DOHB37O:~# if grep apple fruits.txt || grep banana fruits.txt
then
  echo "At least one word is in the file."
fi
echo "I went to the market this morning and picked up some fresh fruits for breakfast. Among the vibrant selection, the crisp red apple and the ripe yellow  immediately caught my eye. I love slicing the apple for a quick snack, while the goes perfectly in my smoothie. Together, they make a healthy and delicious start to the day"
At least one word is in the file. 
root@DESKTOP-DOHB37O:~# vi check_word.sh
root@DESKTOP-DOHB37O:~# chmod +x check_word.sh
root@DESKTOP-DOHB37O:~# vi fruits.txt
root@DESKTOP-DOHB37O:~# ./check_word.sh fruits.txt apple banana
'apple' or 'banana' is in 'fruits.txt'
root@DESKTOP-DOHB37O:~# vi check_word.sh
root@DESKTOP-DOHB37O:~# cd /mnt/c/users/swasti
root@DESKTOP-DOHB37O:/mnt/c/users/swasti# pwd
/mnt/c/users/swasti
root@DESKTOP-DOHB37O:/mnt/c/users/swasti#
root@DESKTOP-DOHB37O:/mnt/c/users/swasti# if [ -f "data.txt" ]; then
    echo "File exists!"
fi
root@DESKTOP-DOHB37O:/mnt/c/users/swasti#
root@DESKTOP-DOHB37O:/mnt/c/users/swasti# if [ -f "data.txt" ]; then
    echo "File exists!"
fi
root@DESKTOP-DOHB37O:/mnt/c/users/swasti# touch data.txt
root@DESKTOP-DOHB37O:/mnt/c/users/swasti# pwd
/mnt/c/users/swasti
root@DESKTOP-DOHB37O:/mnt/c/users/swasti# [ -f "data.txt" ] && echo "File exists!"
File exists!
root@DESKTOP-DOHB37O:/mnt/c/users/swasti# num=10
if [ $num -gt 5 ]; then
    echo "Number is greater than 5"
fi
Number is greater than 5
root@DESKTOP-DOHB37O:/mnt/c/users/swasti# if [ $num -eq 5 ]; then     echo "Number is greater than 5"; fi
root@DESKTOP-DOHB37O:/mnt/c/users/swasti#
root@DESKTOP-DOHB37O:/mnt/c/users/swasti# name="Swasti"
if [[ $name == "Swasti" ]]; then
    echo "Name matches!"
fi
Name matches!
root@DESKTOP-DOHB37O:/mnt/c/users/swasti# name="Swast"
root@DESKTOP-DOHB37O:/mnt/c/users/swasti# if [[ $name == "Swasti" ]]; then     echo "Name matches!"; fi
root@DESKTOP-DOHB37O:/mnt/c/users/swasti#
root@DESKTOP-DOHB37O:~# vi check_word.sh
root@DESKTOP-DOHB37O:~# chmod +x check_word.sh
root@DESKTOP-DOHB37O:~# vi fruits.txt
root@DESKTOP-DOHB37O:~# ./check_word.sh fruits.txt apple banana
'apple' or 'banana' is in 'fruits.txt'
root@DESKTOP-DOHB37O:~# vi check_word.sh
root@DESKTOP-DOHB37O:~# cd /mnt/c/users/swasti
root@DESKTOP-DOHB37O:/mnt/c/users/swasti# pwd
/mnt/c/users/swasti
root@DESKTOP-DOHB37O:/mnt/c/users/swasti#
root@DESKTOP-DOHB37O:/mnt/c/users/swasti# if [ -f "data.txt" ]; then
    echo "File exists!"
fi
root@DESKTOP-DOHB37O:/mnt/c/users/swasti#
root@DESKTOP-DOHB37O:/mnt/c/users/swasti# if [ -f "data.txt" ]; then
    echo "File exists!"
fi
root@DESKTOP-DOHB37O:/mnt/c/users/swasti# touch data.txt
root@DESKTOP-DOHB37O:/mnt/c/users/swasti# pwd
/mnt/c/users/swasti
root@DESKTOP-DOHB37O:/mnt/c/users/swasti# [ -f "data.txt" ] && echo "File exists!"
File exists!
root@DESKTOP-DOHB37O:/mnt/c/users/swasti# num=10
if [ $num -gt 5 ]; then
    echo "Number is greater than 5"
fi
Number is greater than 5
root@DESKTOP-DOHB37O:/mnt/c/users/swasti# if [ $num -eq 5 ]; then     echo "Number is greater than 5"; fi
root@DESKTOP-DOHB37O:/mnt/c/users/swasti#
root@DESKTOP-DOHB37O:/mnt/c/users/swasti# name="Swasti"
if [[ $name == "Swasti" ]]; then
    echo "Name matches!"
fi
Name matches!
root@DESKTOP-DOHB37O:/mnt/c/users/swasti# name="Swast"
root@DESKTOP-DOHB37O:/mnt/c/users/swasti# if [[ $name == "Swasti" ]]; then     echo "Name matches!"; fi
root@DESKTOP-DOHB37O:/mnt/c/users/swasti#
root@DESKTOP-DOHB37O:/mnt/c/users/swasti#
root@DESKTOP-DOHB37O:/mnt/c/users/swasti# cd /mnt/c/Users/swasti/Downloads
root@DESKTOP-DOHB37O:/mnt/c/Users/swasti/Downloads# ls
 ChromeSetup.exe                            'SB Collect.pdf'
'EA result 3.xlsx'                          'State Bank Collect.pdf'
'LAB NOTEBOOK (1).docx'                      desktop.ini
'LAB NOTEBOOK.docx'                          download.jpg
'Learning the bash Shell- 3rd Edition.pdf'   sequence.fasta
'Magnet for Miracles.jpg'                    wsl_update_x64.msi
root@DESKTOP-DOHB37O:/mnt/c/Users/swasti/Downloads# vi fasta_analysis.sh
root@DESKTOP-DOHB37O:/mnt/c/Users/swasti/Downloads# chmod +x fasta_analysis.sh
root@DESKTOP-DOHB37O:/mnt/c/Users/swasti/Downloads# ./fasta_analysis.sh sequence.fasta
FASTA Analysis Report
---------------------
Total sequences: 1
Total length of all sequences: 103834

Sequence-wise GC Content:
>OM291647.1 Gulo gulo luscus IL10 (IL10) gene, complete cds: 54.0005%
root@DESKTOP-DOHB37O:/mnt/c/Users/swasti/Downloads# vi fasta_analysis.sh


root@DESKTOP-DOHB37O:/mnt/c/Users/swasti/Downloads# vi fasta_analysis.sh
root@DESKTOP-DOHB37O:/mnt/c/Users/swasti/Downloads# wget -O
wget: option requires an argument -- 'O'
Usage: wget [OPTION]... [URL]...

Try `wget --help' for more options.
root@DESKTOP-DOHB37O:/mnt/c/Users/swasti/Downloads# wget https://www.ncbi.nlm.nih.gov/nuccore/OM291647.1?report=fasta
--2025-05-27 08:56:06--  https://www.ncbi.nlm.nih.gov/nuccore/OM291647.1?report=fasta
root@DESKTOP-DOHB37O:/mnt/c/Users/swasti/Downloads# vi checking_variable.sh
root@DESKTOP-DOHB37O:/mnt/c/Users/swasti/Downloads#  chmod +x checking_variable
chmod: cannot access 'checking_variable': No such file or directory
root@DESKTOP-DOHB37O:/mnt/c/Users/swasti/Downloads# chmod +x checking_variab
le.sh
root@DESKTOP-DOHB37O:/mnt/c/Users/swasti/Downloads#  ./checking_variable.sh
-bash: ./checking_variable.sh: /bin/bash/: bad interpreter: Not a directory
root@DESKTOP-DOHB37O:/mnt/c/Users/swasti/Downloads# vi checking_variable.sh
root@DESKTOP-DOHB37O:/mnt/c/Users/swasti/Downloads# ./checking_variable.sh
./checking_variable.sh: line 4: [swasti: command not found
does not match
root@DESKTOP-DOHB37O:/mnt/c/Users/swasti/Downloads# vi checking_variable.sh
root@DESKTOP-DOHB37O:/mnt/c/Users/swasti/Downloads# ./checking_variable.sh
./checking_variable.sh: line 4: [swasti: command not found
does not match
root@DESKTOP-DOHB37O:/mnt/c/Users/swasti/Downloads# vi checking_variable.sh
root@DESKTOP-DOHB37O:/mnt/c/Users/swasti/Downloads# ./checking_variable.sh
./checking_variable.sh: line 4: [swasti: command not found
does not match
root@DESKTOP-DOHB37O:/mnt/c/Users/swasti/Downloads# vi checking_variable.sh
root@DESKTOP-DOHB37O:/mnt/c/Users/swasti/Downloads# ./checking_variable.sh
does not match
root@DESKTOP-DOHB37O:/mnt/c/Users/swasti/Downloads# popd/c/users/swasti/downloads
-bash: popd/c/users/swasti/downloads: No such file or directory
root@DESKTOP-DOHB37O:/mnt/c/Users/swasti/Downloads# popd /c/users/swasti/dow
nloads
-bash: popd: /c/users/swasti/downloads: invalid argument
popd: usage: popd [-n] [+N | -N]
root@DESKTOP-DOHB37O:/mnt/c/Users/swasti/Downloads# popd
-bash: popd: directory stack empty
root@DESKTOP-DOHB37O:/mnt/c/Users/swasti/Downloads# pushd /mnt/c/Users/swasti/Documents
pushd /mnt/c/Users/swasti/Downloads
/mnt/c/Users/swasti/Documents /mnt/c/Users/swasti/Downloads
/mnt/c/Users/swasti/Downloads /mnt/c/Users/swasti/Documents /mnt/c/Users/swasti/Downloads
root@DESKTOP-DOHB37O:/mnt/c/Users/swasti/Downloads# pwd
/mnt/c/Users/swasti/Downloads
root@DESKTOP-DOHB37O:/mnt/c/Users/swasti/Downloads# popd
/mnt/c/Users/swasti/Documents /mnt/c/Users/swasti/Downloads
root@DESKTOP-DOHB37O:/mnt/c/Users/swasti/Documents# popd
/mnt/c/Users/swasti/Downloads
root@DESKTOP-DOHB37O:/mnt/c/Users/swasti/Downloads# popd
-bash: popd: directory stack empty
root@DESKTOP-DOHB37O:/mnt/c/Users/swasti/Downloads# popd() { if [ -n "$DIR_STACK" ]; then DIR_STACK=${DIR_STACK#* } cd ${DIR_STACK%% *} echo "$PWD" else echo "Stack empty, staying in $PWD." fi }
root@DESKTOP-DOHB37O:~# cd /mnt/c/users/swasti/downloads/
root@DESKTOP-DOHB37O:/mnt/c/users/swasti/downloads# vi convert picture.sh
2 files to edit
root@DESKTOP-DOHB37O:/mnt/c/users/swasti/downloads# chmod +x convert picture.sh
chmod: cannot access 'picture.sh': No such file or directory
root@DESKTOP-DOHB37O:/mnt/c/users/swasti/downloads# chmod +x convert picture.sh
chmod: cannot access 'picture.sh': No such file or directory
root@DESKTOP-DOHB37O:/mnt/c/users/swasti/downloads# vi convert picture.sh
2 files to edit
root@DESKTOP-DOHB37O:/mnt/c/users/swasti/downloads# nano convert_image.sh
root@DESKTOP-DOHB37O:/mnt/c/users/swasti/downloads# chmod +x convert picture.sh
chmod: cannot access 'picture.sh': No such file or directory
root@DESKTOP-DOHB37O:/mnt/c/users/swasti/downloads# chmod +x convert_image.sh
root@DESKTOP-DOHB37O:/mnt/c/users/swasti/downloads# ./convert_image.sh myimage.gif
./convert_image.sh: line 15: giftopnm: command not found
./convert_image.sh: line 16: pnmtojpeg: command not found
root@DESKTOP-DOHB37O:/mnt/c/users/swasti/downloads# ./convert_image.sh magnet for mircales.jpg
Unknown format.